Timing Analyzer report for FPGA
Fri Oct 15 16:50:55 2021
Quartus Prime Version 18.1.0 Build 625 09/12/2018 SJ Lite Edition


---------------------
; Table of Contents ;
---------------------
  1. Legal Notice
  2. Timing Analyzer Summary
  3. Parallel Compilation
  4. Clocks
  5. Slow 1200mV 100C Model Fmax Summary
  6. Slow 1200mV 100C Model Setup Summary
  7. Slow 1200mV 100C Model Hold Summary
  8. Slow 1200mV 100C Model Recovery Summary
  9. Slow 1200mV 100C Model Removal Summary
 10. Slow 1200mV 100C Model Minimum Pulse Width Summary
 11. Slow 1200mV 100C Model Metastability Summary
 12. Slow 1200mV -40C Model Fmax Summary
 13. Slow 1200mV -40C Model Setup Summary
 14. Slow 1200mV -40C Model Hold Summary
 15. Slow 1200mV -40C Model Recovery Summary
 16. Slow 1200mV -40C Model Removal Summary
 17. Slow 1200mV -40C Model Minimum Pulse Width Summary
 18. Slow 1200mV -40C Model Metastability Summary
 19. Fast 1200mV -40C Model Setup Summary
 20. Fast 1200mV -40C Model Hold Summary
 21. Fast 1200mV -40C Model Recovery Summary
 22. Fast 1200mV -40C Model Removal Summary
 23. Fast 1200mV -40C Model Minimum Pulse Width Summary
 24. Fast 1200mV -40C Model Metastability Summary
 25. Multicorner Timing Analysis Summary
 26. Board Trace Model Assignments
 27. Input Transition Times
 28. Signal Integrity Metrics (Slow 1200mv n40c Model)
 29. Signal Integrity Metrics (Slow 1200mv 100c Model)
 30. Signal Integrity Metrics (Fast 1200mv n40c Model)
 31. Setup Transfers
 32. Hold Transfers
 33. Recovery Transfers
 34. Removal Transfers
 35. Report TCCS
 36. Report RSKM
 37. Unconstrained Paths Summary
 38. Clock Status Summary
 39. Unconstrained Input Ports
 40. Unconstrained Output Ports
 41. Unconstrained Input Ports
 42. Unconstrained Output Ports
 43. Timing Analyzer Messages



----------------
; Legal Notice ;
----------------
Copyright (C) 2018  Intel Corporation. All rights reserved.
Your use of Intel Corporation's design tools, logic functions 
and other software and tools, and its AMPP partner logic 
functions, and any output files from any of the foregoing 
(including device programming or simulation files), and any 
associated documentation or information are expressly subject 
to the terms and conditions of the Intel Program License 
Subscription Agreement, the Intel Quartus Prime License Agreement,
the Intel FPGA IP License Agreement, or other applicable license
agreement, including, without limitation, that your use is for
the sole purpose of programming logic devices manufactured by
Intel and sold by Intel or its authorized distributors.  Please
refer to the applicable agreement for further details.



+-----------------------------------------------------------------------------+
; Timing Analyzer Summary                                                     ;
+-----------------------+-----------------------------------------------------+
; Quartus Prime Version ; Version 18.1.0 Build 625 09/12/2018 SJ Lite Edition ;
; Timing Analyzer       ; Legacy Timing Analyzer                              ;
; Revision Name         ; FPGA                                                ;
; Device Family         ; MAX 10                                              ;
; Device Name           ; 10M08SAE144I7G                                      ;
; Timing Models         ; Final                                               ;
; Delay Model           ; Combined                                            ;
; Rise/Fall Delays      ; Enabled                                             ;
+-----------------------+-----------------------------------------------------+


+------------------------------------------+
; Parallel Compilation                     ;
+----------------------------+-------------+
; Processors                 ; Number      ;
+----------------------------+-------------+
; Number detected on machine ; 12          ;
; Maximum allowed            ; 12          ;
;                            ;             ;
; Average used               ; 1.26        ;
; Maximum used               ; 12          ;
;                            ;             ;
; Usage by Processor         ; % Time Used ;
;     Processor 1            ; 100.0%      ;
;     Processor 2            ;   3.1%      ;
;     Processor 3            ;   2.3%      ;
;     Processor 4            ;   2.3%      ;
;     Processors 5-12        ;   2.3%      ;
+----------------------------+-------------+


+--------------------------------------------------------------------------------------------------------------------------------------------------------------------------------------------------------------------------+
; Clocks                                                                                                                                                                                                                   ;
+-----------------------------+------+--------+------------+-------+-------+------------+-----------+-------------+-------+--------+-----------+------------+----------+--------+--------+---------------------------------+
; Clock Name                  ; Type ; Period ; Frequency  ; Rise  ; Fall  ; Duty Cycle ; Divide by ; Multiply by ; Phase ; Offset ; Edge List ; Edge Shift ; Inverted ; Master ; Source ; Targets                         ;
+-----------------------------+------+--------+------------+-------+-------+------------+-----------+-------------+-------+--------+-----------+------------+----------+--------+--------+---------------------------------+
; clk                         ; Base ; 1.000  ; 1000.0 MHz ; 0.000 ; 0.500 ;            ;           ;             ;       ;        ;           ;            ;          ;        ;        ; { clk }                         ;
; Controller:con|PS.idle      ; Base ; 1.000  ; 1000.0 MHz ; 0.000 ; 0.500 ;            ;           ;             ;       ;        ;           ;            ;          ;        ;        ; { Controller:con|PS.idle }      ;
; Controller:con|PS_T.tx_done ; Base ; 1.000  ; 1000.0 MHz ; 0.000 ; 0.500 ;            ;           ;             ;       ;        ;           ;            ;          ;        ;        ; { Controller:con|PS_T.tx_done } ;
+-----------------------------+------+--------+------------+-------+-------+------------+-----------+-------------+-------+--------+-----------+------------+----------+--------+--------+---------------------------------+


+--------------------------------------------------------------------------------------------+
; Slow 1200mV 100C Model Fmax Summary                                                        ;
+------------+-----------------+------------+------------------------------------------------+
; Fmax       ; Restricted Fmax ; Clock Name ; Note                                           ;
+------------+-----------------+------------+------------------------------------------------+
; 265.89 MHz ; 219.01 MHz      ; clk        ; limit due to minimum period restriction (tmin) ;
+------------+-----------------+------------+------------------------------------------------+
This panel reports FMAX for every clock in the design, regardless of the user-specified clock periods.  FMAX is only computed for paths where the source and destination registers or ports are driven by the same clock.  Paths of different clocks, including generated clocks, are ignored.  For paths between a clock and its inversion, FMAX is computed as if the rising and falling edges are scaled along with FMAX, such that the duty cycle (in terms of a percentage) is maintained. Altera recommends that you always use clock constraints and other slack reports for sign-off analysis.


+------------------------------------------------------+
; Slow 1200mV 100C Model Setup Summary                 ;
+-----------------------------+--------+---------------+
; Clock                       ; Slack  ; End Point TNS ;
+-----------------------------+--------+---------------+
; Controller:con|PS.idle      ; -3.604 ; -3.604        ;
; clk                         ; -2.761 ; -250.256      ;
; Controller:con|PS_T.tx_done ; -2.758 ; -5.196        ;
+-----------------------------+--------+---------------+


+-----------------------------------------------------+
; Slow 1200mV 100C Model Hold Summary                 ;
+-----------------------------+-------+---------------+
; Clock                       ; Slack ; End Point TNS ;
+-----------------------------+-------+---------------+
; clk                         ; 0.256 ; 0.000         ;
; Controller:con|PS_T.tx_done ; 2.108 ; 0.000         ;
; Controller:con|PS.idle      ; 3.214 ; 0.000         ;
+-----------------------------+-------+---------------+


+-----------------------------------------+
; Slow 1200mV 100C Model Recovery Summary ;
+-------+--------+------------------------+
; Clock ; Slack  ; End Point TNS          ;
+-------+--------+------------------------+
; clk   ; -0.843 ; -22.382                ;
+-------+--------+------------------------+


+----------------------------------------+
; Slow 1200mV 100C Model Removal Summary ;
+-------+-------+------------------------+
; Clock ; Slack ; End Point TNS          ;
+-------+-------+------------------------+
; clk   ; 0.953 ; 0.000                  ;
+-------+-------+------------------------+


+------------------------------------------------------+
; Slow 1200mV 100C Model Minimum Pulse Width Summary   ;
+-----------------------------+--------+---------------+
; Clock                       ; Slack  ; End Point TNS ;
+-----------------------------+--------+---------------+
; clk                         ; -3.566 ; -232.391      ;
; Controller:con|PS_T.tx_done ; 0.427  ; 0.000         ;
; Controller:con|PS.idle      ; 0.480  ; 0.000         ;
+-----------------------------+--------+---------------+


------------------------------------------------
; Slow 1200mV 100C Model Metastability Summary ;
------------------------------------------------
Design MTBF is not calculated because the design doesn't meet its timing requirements.



+--------------------------------------------------------------------------------------------+
; Slow 1200mV -40C Model Fmax Summary                                                        ;
+------------+-----------------+------------+------------------------------------------------+
; Fmax       ; Restricted Fmax ; Clock Name ; Note                                           ;
+------------+-----------------+------------+------------------------------------------------+
; 293.43 MHz ; 219.01 MHz      ; clk        ; limit due to minimum period restriction (tmin) ;
+------------+-----------------+------------+------------------------------------------------+
This panel reports FMAX for every clock in the design, regardless of the user-specified clock periods.  FMAX is only computed for paths where the source and destination registers or ports are driven by the same clock.  Paths of different clocks, including generated clocks, are ignored.  For paths between a clock and its inversion, FMAX is computed as if the rising and falling edges are scaled along with FMAX, such that the duty cycle (in terms of a percentage) is maintained. Altera recommends that you always use clock constraints and other slack reports for sign-off analysis.


+------------------------------------------------------+
; Slow 1200mV -40C Model Setup Summary                 ;
+-----------------------------+--------+---------------+
; Clock                       ; Slack  ; End Point TNS ;
+-----------------------------+--------+---------------+
; Controller:con|PS.idle      ; -3.105 ; -3.105        ;
; clk                         ; -2.408 ; -205.974      ;
; Controller:con|PS_T.tx_done ; -2.292 ; -4.319        ;
+-----------------------------+--------+---------------+


+-----------------------------------------------------+
; Slow 1200mV -40C Model Hold Summary                 ;
+-----------------------------+-------+---------------+
; Clock                       ; Slack ; End Point TNS ;
+-----------------------------+-------+---------------+
; clk                         ; 0.252 ; 0.000         ;
; Controller:con|PS_T.tx_done ; 1.882 ; 0.000         ;
; Controller:con|PS.idle      ; 2.912 ; 0.000         ;
+-----------------------------+-------+---------------+


+-----------------------------------------+
; Slow 1200mV -40C Model Recovery Summary ;
+-------+--------+------------------------+
; Clock ; Slack  ; End Point TNS          ;
+-------+--------+------------------------+
; clk   ; -0.618 ; -15.429                ;
+-------+--------+------------------------+


+----------------------------------------+
; Slow 1200mV -40C Model Removal Summary ;
+-------+-------+------------------------+
; Clock ; Slack ; End Point TNS          ;
+-------+-------+------------------------+
; clk   ; 0.849 ; 0.000                  ;
+-------+-------+------------------------+


+------------------------------------------------------+
; Slow 1200mV -40C Model Minimum Pulse Width Summary   ;
+-----------------------------+--------+---------------+
; Clock                       ; Slack  ; End Point TNS ;
+-----------------------------+--------+---------------+
; clk                         ; -3.566 ; -232.391      ;
; Controller:con|PS_T.tx_done ; 0.450  ; 0.000         ;
; Controller:con|PS.idle      ; 0.473  ; 0.000         ;
+-----------------------------+--------+---------------+


------------------------------------------------
; Slow 1200mV -40C Model Metastability Summary ;
------------------------------------------------
Design MTBF is not calculated because the design doesn't meet its timing requirements.



+------------------------------------------------------+
; Fast 1200mV -40C Model Setup Summary                 ;
+-----------------------------+--------+---------------+
; Clock                       ; Slack  ; End Point TNS ;
+-----------------------------+--------+---------------+
; Controller:con|PS.idle      ; -1.203 ; -1.203        ;
; clk                         ; -0.641 ; -26.618       ;
; Controller:con|PS_T.tx_done ; -0.560 ; -0.994        ;
+-----------------------------+--------+---------------+


+-----------------------------------------------------+
; Fast 1200mV -40C Model Hold Summary                 ;
+-----------------------------+-------+---------------+
; Clock                       ; Slack ; End Point TNS ;
+-----------------------------+-------+---------------+
; clk                         ; 0.097 ; 0.000         ;
; Controller:con|PS_T.tx_done ; 0.876 ; 0.000         ;
; Controller:con|PS.idle      ; 1.594 ; 0.000         ;
+-----------------------------+-------+---------------+


+-----------------------------------------+
; Fast 1200mV -40C Model Recovery Summary ;
+-------+-------+-------------------------+
; Clock ; Slack ; End Point TNS           ;
+-------+-------+-------------------------+
; clk   ; 0.145 ; 0.000                   ;
+-------+-------+-------------------------+


+----------------------------------------+
; Fast 1200mV -40C Model Removal Summary ;
+-------+-------+------------------------+
; Clock ; Slack ; End Point TNS          ;
+-------+-------+------------------------+
; clk   ; 0.411 ; 0.000                  ;
+-------+-------+------------------------+


+------------------------------------------------------+
; Fast 1200mV -40C Model Minimum Pulse Width Summary   ;
+-----------------------------+--------+---------------+
; Clock                       ; Slack  ; End Point TNS ;
+-----------------------------+--------+---------------+
; clk                         ; -3.000 ; -173.626      ;
; Controller:con|PS_T.tx_done ; 0.456  ; 0.000         ;
; Controller:con|PS.idle      ; 0.499  ; 0.000         ;
+-----------------------------+--------+---------------+


------------------------------------------------
; Fast 1200mV -40C Model Metastability Summary ;
------------------------------------------------
Design MTBF is not calculated because the design doesn't meet its timing requirements.



+--------------------------------------------------------------------------------------------+
; Multicorner Timing Analysis Summary                                                        ;
+------------------------------+----------+-------+----------+---------+---------------------+
; Clock                        ; Setup    ; Hold  ; Recovery ; Removal ; Minimum Pulse Width ;
+------------------------------+----------+-------+----------+---------+---------------------+
; Worst-case Slack             ; -3.604   ; 0.097 ; -0.843   ; 0.411   ; -3.566              ;
;  Controller:con|PS.idle      ; -3.604   ; 1.594 ; N/A      ; N/A     ; 0.473               ;
;  Controller:con|PS_T.tx_done ; -2.758   ; 0.876 ; N/A      ; N/A     ; 0.427               ;
;  clk                         ; -2.761   ; 0.097 ; -0.843   ; 0.411   ; -3.566              ;
; Design-wide TNS              ; -259.056 ; 0.0   ; -22.382  ; 0.0     ; -232.391            ;
;  Controller:con|PS.idle      ; -3.604   ; 0.000 ; N/A      ; N/A     ; 0.000               ;
;  Controller:con|PS_T.tx_done ; -5.196   ; 0.000 ; N/A      ; N/A     ; 0.000               ;
;  clk                         ; -250.256 ; 0.000 ; -22.382  ; 0.000   ; -232.391            ;
+------------------------------+----------+-------+----------+---------+---------------------+


+-----------------------------------------------------------------------------------------------------------------------------------------------------------------------------------------------------------------------------------------------------------------------------------------------------------------------------------------------------------------------------------------------------------------+
; Board Trace Model Assignments                                                                                                                                                                                                                                                                                                                                                                                   ;
+--------------+--------------+-------------------+-------------------------+-------------------------+---------------+---------------------+----------------+------------------+--------+------------------+------------------------+------------------------+--------------+---------------+-----------------+-------+---------------------+--------------------+---------------+-----------------+-------------+
; Pin          ; I/O Standard ; Near Tline Length ; Near Tline L per Length ; Near Tline C per Length ; Near Series R ; Near Differential R ; Near Pull-up R ; Near Pull-down R ; Near C ; Far Tline Length ; Far Tline L per Length ; Far Tline C per Length ; Far Series R ; Far Pull-up R ; Far Pull-down R ; Far C ; Termination Voltage ; Far Differential R ; EBD File Name ; EBD Signal Name ; EBD Far-end ;
+--------------+--------------+-------------------+-------------------------+-------------------------+---------------+---------------------+----------------+------------------+--------+------------------+------------------------+------------------------+--------------+---------------+-----------------+-------+---------------------+--------------------+---------------+-----------------+-------------+
; tx_x         ; 3.3-V LVTTL  ; 0 in              ; 0 H/in                  ; 0 F/in                  ; short         ; -                   ; open           ; open             ; open   ; 0 in             ; 0 H/in                 ; 0 F/in                 ; short        ; open          ; open            ; open  ; 0 V                 ; -                  ; n/a           ; n/a             ; n/a         ;
; tx_c         ; 3.3-V LVTTL  ; 0 in              ; 0 H/in                  ; 0 F/in                  ; short         ; -                   ; open           ; open             ; open   ; 0 in             ; 0 H/in                 ; 0 F/in                 ; short        ; open          ; open            ; open  ; 0 V                 ; -                  ; n/a           ; n/a             ; n/a         ;
; RTS_X        ; 3.3-V LVTTL  ; 0 in              ; 0 H/in                  ; 0 F/in                  ; short         ; -                   ; open           ; open             ; open   ; 0 in             ; 0 H/in                 ; 0 F/in                 ; short        ; open          ; open            ; open  ; 0 V                 ; -                  ; n/a           ; n/a             ; n/a         ;
; RTS_C        ; 3.3-V LVTTL  ; 0 in              ; 0 H/in                  ; 0 F/in                  ; short         ; -                   ; open           ; open             ; open   ; 0 in             ; 0 H/in                 ; 0 F/in                 ; short        ; open          ; open            ; open  ; 0 V                 ; -                  ; n/a           ; n/a             ; n/a         ;
; ~ALTERA_TDO~ ; 2.5 V        ; 0 in              ; 0 H/in                  ; 0 F/in                  ; short         ; -                   ; open           ; open             ; open   ; 0 in             ; 0 H/in                 ; 0 F/in                 ; short        ; open          ; open            ; open  ; 0 V                 ; -                  ; n/a           ; n/a             ; n/a         ;
+--------------+--------------+-------------------+-------------------------+-------------------------+---------------+---------------------+----------------+------------------+--------+------------------+------------------------+------------------------+--------------+---------------+-----------------+-------+---------------------+--------------------+---------------+-----------------+-------------+


+---------------------------------------------------------------------------------+
; Input Transition Times                                                          ;
+---------------------+-----------------------+-----------------+-----------------+
; Pin                 ; I/O Standard          ; 10-90 Rise Time ; 90-10 Fall Time ;
+---------------------+-----------------------+-----------------+-----------------+
; CTS_X               ; 3.3-V LVTTL           ; 2640 ps         ; 2640 ps         ;
; clk                 ; 3.3-V LVTTL           ; 2640 ps         ; 2640 ps         ;
; res                 ; 3.3-V LVTTL           ; 2640 ps         ; 2640 ps         ;
; CTS_C               ; 3.3-V LVTTL           ; 2640 ps         ; 2640 ps         ;
; rx_c                ; 3.3-V LVTTL           ; 2640 ps         ; 2640 ps         ;
; rx_x                ; 3.3-V LVTTL           ; 2640 ps         ; 2640 ps         ;
; ~ALTERA_TMS~        ; 2.5 V Schmitt Trigger ; 2000 ps         ; 2000 ps         ;
; ~ALTERA_TCK~        ; 2.5 V Schmitt Trigger ; 2000 ps         ; 2000 ps         ;
; ~ALTERA_TDI~        ; 2.5 V Schmitt Trigger ; 2000 ps         ; 2000 ps         ;
; ~ALTERA_CONFIG_SEL~ ; 2.5 V                 ; 2000 ps         ; 2000 ps         ;
; ~ALTERA_nCONFIG~    ; 2.5 V Schmitt Trigger ; 2000 ps         ; 2000 ps         ;
; ~ALTERA_nSTATUS~    ; 2.5 V Schmitt Trigger ; 2000 ps         ; 2000 ps         ;
; ~ALTERA_CONF_DONE~  ; 2.5 V Schmitt Trigger ; 2000 ps         ; 2000 ps         ;
+---------------------+-----------------------+-----------------+-----------------+


+-------------------------------------------------------------------------------------------------------------------------------------------------------------------------------------------------------------------------------------------------------------------------------------------------------------------------------------------------------------------------------------------------------------------------------------------------------------------------------------------------------------------------------------------------------------------------------------------------------------------------------------------------------------------------------------------+
; Signal Integrity Metrics (Slow 1200mv n40c Model)                                                                                                                                                                                                                                                                                                                                                                                                                                                                                                                                                                                                                                         ;
+--------------+--------------+---------------------+---------------------+------------------------------+------------------------------+---------------------+---------------------+--------------------------------------+--------------------------------------+-----------------------------+-----------------------------+----------------------------+----------------------------+-----------------------------+-----------------------------+--------------------+--------------------+-------------------------------------+-------------------------------------+----------------------------+----------------------------+---------------------------+---------------------------+
; Pin          ; I/O Standard ; Board Delay on Rise ; Board Delay on Fall ; Steady State Voh at FPGA Pin ; Steady State Vol at FPGA Pin ; Voh Max at FPGA Pin ; Vol Min at FPGA Pin ; Ringback Voltage on Rise at FPGA Pin ; Ringback Voltage on Fall at FPGA Pin ; 10-90 Rise Time at FPGA Pin ; 90-10 Fall Time at FPGA Pin ; Monotonic Rise at FPGA Pin ; Monotonic Fall at FPGA Pin ; Steady State Voh at Far-end ; Steady State Vol at Far-end ; Voh Max at Far-end ; Vol Min at Far-end ; Ringback Voltage on Rise at Far-end ; Ringback Voltage on Fall at Far-end ; 10-90 Rise Time at Far-end ; 90-10 Fall Time at Far-end ; Monotonic Rise at Far-end ; Monotonic Fall at Far-end ;
+--------------+--------------+---------------------+---------------------+------------------------------+------------------------------+---------------------+---------------------+--------------------------------------+--------------------------------------+-----------------------------+-----------------------------+----------------------------+----------------------------+-----------------------------+-----------------------------+--------------------+--------------------+-------------------------------------+-------------------------------------+----------------------------+----------------------------+---------------------------+---------------------------+
; tx_x         ; 3.3-V LVTTL  ; 0 s                 ; 0 s                 ; 3.08 V                       ; 1.63e-08 V                   ; 3.22 V              ; -0.15 V             ; 0.246 V                              ; 0.362 V                              ; 4.49e-10 s                  ; 4.53e-10 s                  ; No                         ; No                         ; 3.08 V                      ; 1.63e-08 V                  ; 3.22 V             ; -0.15 V            ; 0.246 V                             ; 0.362 V                             ; 4.49e-10 s                 ; 4.53e-10 s                 ; No                        ; No                        ;
; tx_c         ; 3.3-V LVTTL  ; 0 s                 ; 0 s                 ; 3.08 V                       ; 1.63e-08 V                   ; 3.24 V              ; -0.165 V            ; 0.415 V                              ; 0.315 V                              ; 2.89e-10 s                  ; 4.38e-10 s                  ; No                         ; No                         ; 3.08 V                      ; 1.63e-08 V                  ; 3.24 V             ; -0.165 V           ; 0.415 V                             ; 0.315 V                             ; 2.89e-10 s                 ; 4.38e-10 s                 ; No                        ; No                        ;
; RTS_X        ; 3.3-V LVTTL  ; 0 s                 ; 0 s                 ; 3.08 V                       ; 1.63e-08 V                   ; 3.22 V              ; -0.147 V            ; 0.246 V                              ; 0.363 V                              ; 4.5e-10 s                   ; 4.53e-10 s                  ; No                         ; No                         ; 3.08 V                      ; 1.63e-08 V                  ; 3.22 V             ; -0.147 V           ; 0.246 V                             ; 0.363 V                             ; 4.5e-10 s                  ; 4.53e-10 s                 ; No                        ; No                        ;
; RTS_C        ; 3.3-V LVTTL  ; 0 s                 ; 0 s                 ; 3.08 V                       ; 1.63e-08 V                   ; 3.22 V              ; -0.15 V             ; 0.246 V                              ; 0.362 V                              ; 4.49e-10 s                  ; 4.53e-10 s                  ; No                         ; No                         ; 3.08 V                      ; 1.63e-08 V                  ; 3.22 V             ; -0.15 V            ; 0.246 V                             ; 0.362 V                             ; 4.49e-10 s                 ; 4.53e-10 s                 ; No                        ; No                        ;
; ~ALTERA_TDO~ ; 2.5 V        ; 0 s                 ; 0 s                 ; 2.32 V                       ; 4.67e-09 V                   ; 2.4 V               ; -0.0615 V           ; 0.182 V                              ; 0.244 V                              ; 4.53e-10 s                  ; 4.59e-10 s                  ; No                         ; No                         ; 2.32 V                      ; 4.67e-09 V                  ; 2.4 V              ; -0.0615 V          ; 0.182 V                             ; 0.244 V                             ; 4.53e-10 s                 ; 4.59e-10 s                 ; No                        ; No                        ;
+--------------+--------------+---------------------+---------------------+------------------------------+------------------------------+---------------------+---------------------+--------------------------------------+--------------------------------------+-----------------------------+-----------------------------+----------------------------+----------------------------+-----------------------------+-----------------------------+--------------------+--------------------+-------------------------------------+-------------------------------------+----------------------------+----------------------------+---------------------------+---------------------------+


+-------------------------------------------------------------------------------------------------------------------------------------------------------------------------------------------------------------------------------------------------------------------------------------------------------------------------------------------------------------------------------------------------------------------------------------------------------------------------------------------------------------------------------------------------------------------------------------------------------------------------------------------------------------------------------------------+
; Signal Integrity Metrics (Slow 1200mv 100c Model)                                                                                                                                                                                                                                                                                                                                                                                                                                                                                                                                                                                                                                         ;
+--------------+--------------+---------------------+---------------------+------------------------------+------------------------------+---------------------+---------------------+--------------------------------------+--------------------------------------+-----------------------------+-----------------------------+----------------------------+----------------------------+-----------------------------+-----------------------------+--------------------+--------------------+-------------------------------------+-------------------------------------+----------------------------+----------------------------+---------------------------+---------------------------+
; Pin          ; I/O Standard ; Board Delay on Rise ; Board Delay on Fall ; Steady State Voh at FPGA Pin ; Steady State Vol at FPGA Pin ; Voh Max at FPGA Pin ; Vol Min at FPGA Pin ; Ringback Voltage on Rise at FPGA Pin ; Ringback Voltage on Fall at FPGA Pin ; 10-90 Rise Time at FPGA Pin ; 90-10 Fall Time at FPGA Pin ; Monotonic Rise at FPGA Pin ; Monotonic Fall at FPGA Pin ; Steady State Voh at Far-end ; Steady State Vol at Far-end ; Voh Max at Far-end ; Vol Min at Far-end ; Ringback Voltage on Rise at Far-end ; Ringback Voltage on Fall at Far-end ; 10-90 Rise Time at Far-end ; 90-10 Fall Time at Far-end ; Monotonic Rise at Far-end ; Monotonic Fall at Far-end ;
+--------------+--------------+---------------------+---------------------+------------------------------+------------------------------+---------------------+---------------------+--------------------------------------+--------------------------------------+-----------------------------+-----------------------------+----------------------------+----------------------------+-----------------------------+-----------------------------+--------------------+--------------------+-------------------------------------+-------------------------------------+----------------------------+----------------------------+---------------------------+---------------------------+
; tx_x         ; 3.3-V LVTTL  ; 0 s                 ; 0 s                 ; 3.08 V                       ; 6.72e-06 V                   ; 3.15 V              ; -0.056 V            ; 0.353 V                              ; 0.29 V                               ; 5.23e-10 s                  ; 6.56e-10 s                  ; No                         ; Yes                        ; 3.08 V                      ; 6.72e-06 V                  ; 3.15 V             ; -0.056 V           ; 0.353 V                             ; 0.29 V                              ; 5.23e-10 s                 ; 6.56e-10 s                 ; No                        ; Yes                       ;
; tx_c         ; 3.3-V LVTTL  ; 0 s                 ; 0 s                 ; 3.08 V                       ; 6.72e-06 V                   ; 3.15 V              ; -0.0629 V           ; 0.27 V                               ; 0.22 V                               ; 4.76e-10 s                  ; 6.26e-10 s                  ; Yes                        ; No                         ; 3.08 V                      ; 6.72e-06 V                  ; 3.15 V             ; -0.0629 V          ; 0.27 V                              ; 0.22 V                              ; 4.76e-10 s                 ; 6.26e-10 s                 ; Yes                       ; No                        ;
; RTS_X        ; 3.3-V LVTTL  ; 0 s                 ; 0 s                 ; 3.08 V                       ; 6.72e-06 V                   ; 3.15 V              ; -0.0564 V           ; 0.355 V                              ; 0.291 V                              ; 5.23e-10 s                  ; 6.56e-10 s                  ; No                         ; Yes                        ; 3.08 V                      ; 6.72e-06 V                  ; 3.15 V             ; -0.0564 V          ; 0.355 V                             ; 0.291 V                             ; 5.23e-10 s                 ; 6.56e-10 s                 ; No                        ; Yes                       ;
; RTS_C        ; 3.3-V LVTTL  ; 0 s                 ; 0 s                 ; 3.08 V                       ; 6.72e-06 V                   ; 3.15 V              ; -0.056 V            ; 0.353 V                              ; 0.29 V                               ; 5.23e-10 s                  ; 6.56e-10 s                  ; No                         ; Yes                        ; 3.08 V                      ; 6.72e-06 V                  ; 3.15 V             ; -0.056 V           ; 0.353 V                             ; 0.29 V                              ; 5.23e-10 s                 ; 6.56e-10 s                 ; No                        ; Yes                       ;
; ~ALTERA_TDO~ ; 2.5 V        ; 0 s                 ; 0 s                 ; 2.32 V                       ; 4.02e-06 V                   ; 2.36 V              ; -0.0151 V           ; 0.153 V                              ; 0.106 V                              ; 6.51e-10 s                  ; 7.55e-10 s                  ; No                         ; Yes                        ; 2.32 V                      ; 4.02e-06 V                  ; 2.36 V             ; -0.0151 V          ; 0.153 V                             ; 0.106 V                             ; 6.51e-10 s                 ; 7.55e-10 s                 ; No                        ; Yes                       ;
+--------------+--------------+---------------------+---------------------+------------------------------+------------------------------+---------------------+---------------------+--------------------------------------+--------------------------------------+-----------------------------+-----------------------------+----------------------------+----------------------------+-----------------------------+-----------------------------+--------------------+--------------------+-------------------------------------+-------------------------------------+----------------------------+----------------------------+---------------------------+---------------------------+


+-------------------------------------------------------------------------------------------------------------------------------------------------------------------------------------------------------------------------------------------------------------------------------------------------------------------------------------------------------------------------------------------------------------------------------------------------------------------------------------------------------------------------------------------------------------------------------------------------------------------------------------------------------------------------------------------+
; Signal Integrity Metrics (Fast 1200mv n40c Model)                                                                                                                                                                                                                                                                                                                                                                                                                                                                                                                                                                                                                                         ;
+--------------+--------------+---------------------+---------------------+------------------------------+------------------------------+---------------------+---------------------+--------------------------------------+--------------------------------------+-----------------------------+-----------------------------+----------------------------+----------------------------+-----------------------------+-----------------------------+--------------------+--------------------+-------------------------------------+-------------------------------------+----------------------------+----------------------------+---------------------------+---------------------------+
; Pin          ; I/O Standard ; Board Delay on Rise ; Board Delay on Fall ; Steady State Voh at FPGA Pin ; Steady State Vol at FPGA Pin ; Voh Max at FPGA Pin ; Vol Min at FPGA Pin ; Ringback Voltage on Rise at FPGA Pin ; Ringback Voltage on Fall at FPGA Pin ; 10-90 Rise Time at FPGA Pin ; 90-10 Fall Time at FPGA Pin ; Monotonic Rise at FPGA Pin ; Monotonic Fall at FPGA Pin ; Steady State Voh at Far-end ; Steady State Vol at Far-end ; Voh Max at Far-end ; Vol Min at Far-end ; Ringback Voltage on Rise at Far-end ; Ringback Voltage on Fall at Far-end ; 10-90 Rise Time at Far-end ; 90-10 Fall Time at Far-end ; Monotonic Rise at Far-end ; Monotonic Fall at Far-end ;
+--------------+--------------+---------------------+---------------------+------------------------------+------------------------------+---------------------+---------------------+--------------------------------------+--------------------------------------+-----------------------------+-----------------------------+----------------------------+----------------------------+-----------------------------+-----------------------------+--------------------+--------------------+-------------------------------------+-------------------------------------+----------------------------+----------------------------+---------------------------+---------------------------+
; tx_x         ; 3.3-V LVTTL  ; 0 s                 ; 0 s                 ; 3.46 V                       ; 6.75e-08 V                   ; 3.66 V              ; -0.0357 V           ; 0.422 V                              ; 0.097 V                              ; 2.82e-10 s                  ; 4.06e-10 s                  ; No                         ; Yes                        ; 3.46 V                      ; 6.75e-08 V                  ; 3.66 V             ; -0.0357 V          ; 0.422 V                             ; 0.097 V                             ; 2.82e-10 s                 ; 4.06e-10 s                 ; No                        ; Yes                       ;
; tx_c         ; 3.3-V LVTTL  ; 0 s                 ; 0 s                 ; 3.46 V                       ; 6.75e-08 V                   ; 3.67 V              ; -0.0271 V           ; 0.366 V                              ; 0.061 V                              ; 2.67e-10 s                  ; 3.36e-10 s                  ; No                         ; Yes                        ; 3.46 V                      ; 6.75e-08 V                  ; 3.67 V             ; -0.0271 V          ; 0.366 V                             ; 0.061 V                             ; 2.67e-10 s                 ; 3.36e-10 s                 ; No                        ; Yes                       ;
; RTS_X        ; 3.3-V LVTTL  ; 0 s                 ; 0 s                 ; 3.46 V                       ; 6.75e-08 V                   ; 3.66 V              ; -0.0366 V           ; 0.421 V                              ; 0.098 V                              ; 2.82e-10 s                  ; 4.07e-10 s                  ; No                         ; Yes                        ; 3.46 V                      ; 6.75e-08 V                  ; 3.66 V             ; -0.0366 V          ; 0.421 V                             ; 0.098 V                             ; 2.82e-10 s                 ; 4.07e-10 s                 ; No                        ; Yes                       ;
; RTS_C        ; 3.3-V LVTTL  ; 0 s                 ; 0 s                 ; 3.46 V                       ; 6.75e-08 V                   ; 3.66 V              ; -0.0357 V           ; 0.422 V                              ; 0.097 V                              ; 2.82e-10 s                  ; 4.06e-10 s                  ; No                         ; Yes                        ; 3.46 V                      ; 6.75e-08 V                  ; 3.66 V             ; -0.0357 V          ; 0.422 V                             ; 0.097 V                             ; 2.82e-10 s                 ; 4.06e-10 s                 ; No                        ; Yes                       ;
; ~ALTERA_TDO~ ; 2.5 V        ; 0 s                 ; 0 s                 ; 2.62 V                       ; 1.41e-08 V                   ; 2.76 V              ; -0.0557 V           ; 0.312 V                              ; 0.096 V                              ; 2.82e-10 s                  ; 4.04e-10 s                  ; No                         ; Yes                        ; 2.62 V                      ; 1.41e-08 V                  ; 2.76 V             ; -0.0557 V          ; 0.312 V                             ; 0.096 V                             ; 2.82e-10 s                 ; 4.04e-10 s                 ; No                        ; Yes                       ;
+--------------+--------------+---------------------+---------------------+------------------------------+------------------------------+---------------------+---------------------+--------------------------------------+--------------------------------------+-----------------------------+-----------------------------+----------------------------+----------------------------+-----------------------------+-----------------------------+--------------------+--------------------+-------------------------------------+-------------------------------------+----------------------------+----------------------------+---------------------------+---------------------------+


+-------------------------------------------------------------------------------------------------------+
; Setup Transfers                                                                                       ;
+-----------------------------+-----------------------------+----------+----------+----------+----------+
; From Clock                  ; To Clock                    ; RR Paths ; FR Paths ; RF Paths ; FF Paths ;
+-----------------------------+-----------------------------+----------+----------+----------+----------+
; clk                         ; clk                         ; 1615     ; 0        ; 0        ; 0        ;
; Controller:con|PS.idle      ; clk                         ; 2        ; 2        ; 0        ; 0        ;
; Controller:con|PS_T.tx_done ; clk                         ; 33       ; 2        ; 0        ; 0        ;
; clk                         ; Controller:con|PS.idle      ; 0        ; 0        ; 1        ; 0        ;
; clk                         ; Controller:con|PS_T.tx_done ; 2        ; 0        ; 0        ; 0        ;
+-----------------------------+-----------------------------+----------+----------+----------+----------+
Entries labeled "false path" only account for clock-to-clock false paths and not path-based false paths. As a result, actual path counts may be lower than reported.


+-------------------------------------------------------------------------------------------------------+
; Hold Transfers                                                                                        ;
+-----------------------------+-----------------------------+----------+----------+----------+----------+
; From Clock                  ; To Clock                    ; RR Paths ; FR Paths ; RF Paths ; FF Paths ;
+-----------------------------+-----------------------------+----------+----------+----------+----------+
; clk                         ; clk                         ; 1615     ; 0        ; 0        ; 0        ;
; Controller:con|PS.idle      ; clk                         ; 2        ; 2        ; 0        ; 0        ;
; Controller:con|PS_T.tx_done ; clk                         ; 33       ; 2        ; 0        ; 0        ;
; clk                         ; Controller:con|PS.idle      ; 0        ; 0        ; 1        ; 0        ;
; clk                         ; Controller:con|PS_T.tx_done ; 2        ; 0        ; 0        ; 0        ;
+-----------------------------+-----------------------------+----------+----------+----------+----------+
Entries labeled "false path" only account for clock-to-clock false paths and not path-based false paths. As a result, actual path counts may be lower than reported.


+-------------------------------------------------------------------+
; Recovery Transfers                                                ;
+------------+----------+----------+----------+----------+----------+
; From Clock ; To Clock ; RR Paths ; FR Paths ; RF Paths ; FF Paths ;
+------------+----------+----------+----------+----------+----------+
; clk        ; clk      ; 36       ; 0        ; 0        ; 0        ;
+------------+----------+----------+----------+----------+----------+
Entries labeled "false path" only account for clock-to-clock false paths and not path-based false paths. As a result, actual path counts may be lower than reported.


+-------------------------------------------------------------------+
; Removal Transfers                                                 ;
+------------+----------+----------+----------+----------+----------+
; From Clock ; To Clock ; RR Paths ; FR Paths ; RF Paths ; FF Paths ;
+------------+----------+----------+----------+----------+----------+
; clk        ; clk      ; 36       ; 0        ; 0        ; 0        ;
+------------+----------+----------+----------+----------+----------+
Entries labeled "false path" only account for clock-to-clock false paths and not path-based false paths. As a result, actual path counts may be lower than reported.


---------------
; Report TCCS ;
---------------
No dedicated SERDES Transmitter circuitry present in device or used in design


---------------
; Report RSKM ;
---------------
No non-DPA dedicated SERDES Receiver circuitry present in device or used in design


+------------------------------------------------+
; Unconstrained Paths Summary                    ;
+---------------------------------+-------+------+
; Property                        ; Setup ; Hold ;
+---------------------------------+-------+------+
; Illegal Clocks                  ; 0     ; 0    ;
; Unconstrained Clocks            ; 0     ; 0    ;
; Unconstrained Input Ports       ; 5     ; 5    ;
; Unconstrained Input Port Paths  ; 6     ; 6    ;
; Unconstrained Output Ports      ; 4     ; 4    ;
; Unconstrained Output Port Paths ; 6     ; 6    ;
+---------------------------------+-------+------+


+--------------------------------------------------------------------------------+
; Clock Status Summary                                                           ;
+-----------------------------+-----------------------------+------+-------------+
; Target                      ; Clock                       ; Type ; Status      ;
+-----------------------------+-----------------------------+------+-------------+
; Controller:con|PS.idle      ; Controller:con|PS.idle      ; Base ; Constrained ;
; Controller:con|PS_T.tx_done ; Controller:con|PS_T.tx_done ; Base ; Constrained ;
; clk                         ; clk                         ; Base ; Constrained ;
+-----------------------------+-----------------------------+------+-------------+


+---------------------------------------------------------------------------------------------------+
; Unconstrained Input Ports                                                                         ;
+------------+--------------------------------------------------------------------------------------+
; Input Port ; Comment                                                                              ;
+------------+--------------------------------------------------------------------------------------+
; CTS_C      ; No input delay, min/max delays, false-path exceptions, or max skew assignments found ;
; CTS_X      ; No input delay, min/max delays, false-path exceptions, or max skew assignments found ;
; res        ; No input delay, min/max delays, false-path exceptions, or max skew assignments found ;
; rx_c       ; No input delay, min/max delays, false-path exceptions, or max skew assignments found ;
; rx_x       ; No input delay, min/max delays, false-path exceptions, or max skew assignments found ;
+------------+--------------------------------------------------------------------------------------+


+-----------------------------------------------------------------------------------------------------+
; Unconstrained Output Ports                                                                          ;
+-------------+---------------------------------------------------------------------------------------+
; Output Port ; Comment                                                                               ;
+-------------+---------------------------------------------------------------------------------------+
; RTS_C       ; No output delay, min/max delays, false-path exceptions, or max skew assignments found ;
; RTS_X       ; No output delay, min/max delays, false-path exceptions, or max skew assignments found ;
; tx_c        ; No output delay, min/max delays, false-path exceptions, or max skew assignments found ;
; tx_x        ; No output delay, min/max delays, false-path exceptions, or max skew assignments found ;
+-------------+---------------------------------------------------------------------------------------+


+---------------------------------------------------------------------------------------------------+
; Unconstrained Input Ports                                                                         ;
+------------+--------------------------------------------------------------------------------------+
; Input Port ; Comment                                                                              ;
+------------+--------------------------------------------------------------------------------------+
; CTS_C      ; No input delay, min/max delays, false-path exceptions, or max skew assignments found ;
; CTS_X      ; No input delay, min/max delays, false-path exceptions, or max skew assignments found ;
; res        ; No input delay, min/max delays, false-path exceptions, or max skew assignments found ;
; rx_c       ; No input delay, min/max delays, false-path exceptions, or max skew assignments found ;
; rx_x       ; No input delay, min/max delays, false-path exceptions, or max skew assignments found ;
+------------+--------------------------------------------------------------------------------------+


+-----------------------------------------------------------------------------------------------------+
; Unconstrained Output Ports                                                                          ;
+-------------+---------------------------------------------------------------------------------------+
; Output Port ; Comment                                                                               ;
+-------------+---------------------------------------------------------------------------------------+
; RTS_C       ; No output delay, min/max delays, false-path exceptions, or max skew assignments found ;
; RTS_X       ; No output delay, min/max delays, false-path exceptions, or max skew assignments found ;
; tx_c        ; No output delay, min/max delays, false-path exceptions, or max skew assignments found ;
; tx_x        ; No output delay, min/max delays, false-path exceptions, or max skew assignments found ;
+-------------+---------------------------------------------------------------------------------------+


+--------------------------+
; Timing Analyzer Messages ;
+--------------------------+
Info: *******************************************************************
Info: Running Quartus Prime Timing Analyzer
    Info: Version 18.1.0 Build 625 09/12/2018 SJ Lite Edition
    Info: Processing started: Fri Oct 15 16:50:53 2021
Info: Command: quartus_sta FPGA -c FPGA
Info: qsta_default_script.tcl version: #1
Warning (18236): Number of processors has not been specified which may cause overloading on shared machines.  Set the global assignment NUM_PARALLEL_PROCESSORS in your QSF to an appropriate value for best performance.
Info (20030): Parallel compilation is enabled and will use 12 of the 12 processors detected
Info (21077): Low junction temperature is -40 degrees C
Info (21077): High junction temperature is 100 degrees C
Warning (335093): The Timing Analyzer is analyzing 4 combinational loops as latches. For more details, run the Check Timing command in the Timing Analyzer or view the "User-Specified and Inferred Latches" table in the Analysis & Synthesis report.
Critical Warning (332012): Synopsys Design Constraints File file not found: 'FPGA.sdc'. A Synopsys Design Constraints File is required by the Timing Analyzer to get proper timing constraints. Without it, the Compiler will not properly optimize the design.
Info (332142): No user constrained base clocks found in the design. Calling "derive_clocks -period 1.0"
Info (332105): Deriving Clocks
    Info (332105): create_clock -period 1.000 -name clk clk
    Info (332105): create_clock -period 1.000 -name Controller:con|PS_T.tx_done Controller:con|PS_T.tx_done
    Info (332105): create_clock -period 1.000 -name Controller:con|PS.idle Controller:con|PS.idle
Info (332143): No user constrained clock uncertainty found in the design. Calling "derive_clock_uncertainty"
Info (332123): Deriving Clock Uncertainty. Please refer to report_sdc in the Timing Analyzer to see clock uncertainties.
Info: Found TIMING_ANALYZER_REPORT_SCRIPT_INCLUDE_DEFAULT_ANALYSIS = ON
Info: Analyzing Slow 1200mV 100C Model
Info: Can't run Report Timing Closure Recommendations. The current device family is not supported.
Critical Warning (332148): Timing requirements not met
Info (332146): Worst-case setup slack is -3.604
    Info (332119):     Slack       End Point TNS Clock 
    Info (332119): ========= =================== =====================
    Info (332119):    -3.604              -3.604 Controller:con|PS.idle 
    Info (332119):    -2.761            -250.256 clk 
    Info (332119):    -2.758              -5.196 Controller:con|PS_T.tx_done 
Info (332146): Worst-case hold slack is 0.256
    Info (332119):     Slack       End Point TNS Clock 
    Info (332119): ========= =================== =====================
    Info (332119):     0.256               0.000 clk 
    Info (332119):     2.108               0.000 Controller:con|PS_T.tx_done 
    Info (332119):     3.214               0.000 Controller:con|PS.idle 
Info (332146): Worst-case recovery slack is -0.843
    Info (332119):     Slack       End Point TNS Clock 
    Info (332119): ========= =================== =====================
    Info (332119):    -0.843             -22.382 clk 
Info (332146): Worst-case removal slack is 0.953
    Info (332119):     Slack       End Point TNS Clock 
    Info (332119): ========= =================== =====================
    Info (332119):     0.953               0.000 clk 
Info (332146): Worst-case minimum pulse width slack is -3.566
    Info (332119):     Slack       End Point TNS Clock 
    Info (332119): ========= =================== =====================
    Info (332119):    -3.566            -232.391 clk 
    Info (332119):     0.427               0.000 Controller:con|PS_T.tx_done 
    Info (332119):     0.480               0.000 Controller:con|PS.idle 
Info (332114): Report Metastability: Found 2 synchronizer chains.
    Info (332114): Design MTBF is not calculated because the design doesn't meet its timing requirements.
Info: Analyzing Slow 1200mV -40C Model
Info (334003): Started post-fitting delay annotation
Info (334004): Delay annotation completed successfully
Info (332123): Deriving Clock Uncertainty. Please refer to report_sdc in the Timing Analyzer to see clock uncertainties.
Critical Warning (332148): Timing requirements not met
Info (332146): Worst-case setup slack is -3.105
    Info (332119):     Slack       End Point TNS Clock 
    Info (332119): ========= =================== =====================
    Info (332119):    -3.105              -3.105 Controller:con|PS.idle 
    Info (332119):    -2.408            -205.974 clk 
    Info (332119):    -2.292              -4.319 Controller:con|PS_T.tx_done 
Info (332146): Worst-case hold slack is 0.252
    Info (332119):     Slack       End Point TNS Clock 
    Info (332119): ========= =================== =====================
    Info (332119):     0.252               0.000 clk 
    Info (332119):     1.882               0.000 Controller:con|PS_T.tx_done 
    Info (332119):     2.912               0.000 Controller:con|PS.idle 
Info (332146): Worst-case recovery slack is -0.618
    Info (332119):     Slack       End Point TNS Clock 
    Info (332119): ========= =================== =====================
    Info (332119):    -0.618             -15.429 clk 
Info (332146): Worst-case removal slack is 0.849
    Info (332119):     Slack       End Point TNS Clock 
    Info (332119): ========= =================== =====================
    Info (332119):     0.849               0.000 clk 
Info (332146): Worst-case minimum pulse width slack is -3.566
    Info (332119):     Slack       End Point TNS Clock 
    Info (332119): ========= =================== =====================
    Info (332119):    -3.566            -232.391 clk 
    Info (332119):     0.450               0.000 Controller:con|PS_T.tx_done 
    Info (332119):     0.473               0.000 Controller:con|PS.idle 
Info (332114): Report Metastability: Found 2 synchronizer chains.
    Info (332114): Design MTBF is not calculated because the design doesn't meet its timing requirements.
Info: Analyzing Fast 1200mV -40C Model
Info (332123): Deriving Clock Uncertainty. Please refer to report_sdc in the Timing Analyzer to see clock uncertainties.
Critical Warning (332148): Timing requirements not met
Info (332146): Worst-case setup slack is -1.203
    Info (332119):     Slack       End Point TNS Clock 
    Info (332119): ========= =================== =====================
    Info (332119):    -1.203              -1.203 Controller:con|PS.idle 
    Info (332119):    -0.641             -26.618 clk 
    Info (332119):    -0.560              -0.994 Controller:con|PS_T.tx_done 
Info (332146): Worst-case hold slack is 0.097
    Info (332119):     Slack       End Point TNS Clock 
    Info (332119): ========= =================== =====================
    Info (332119):     0.097               0.000 clk 
    Info (332119):     0.876               0.000 Controller:con|PS_T.tx_done 
    Info (332119):     1.594               0.000 Controller:con|PS.idle 
Info (332146): Worst-case recovery slack is 0.145
    Info (332119):     Slack       End Point TNS Clock 
    Info (332119): ========= =================== =====================
    Info (332119):     0.145               0.000 clk 
Info (332146): Worst-case removal slack is 0.411
    Info (332119):     Slack       End Point TNS Clock 
    Info (332119): ========= =================== =====================
    Info (332119):     0.411               0.000 clk 
Info (332146): Worst-case minimum pulse width slack is -3.000
    Info (332119):     Slack       End Point TNS Clock 
    Info (332119): ========= =================== =====================
    Info (332119):    -3.000            -173.626 clk 
    Info (332119):     0.456               0.000 Controller:con|PS_T.tx_done 
    Info (332119):     0.499               0.000 Controller:con|PS.idle 
Info (332114): Report Metastability: Found 2 synchronizer chains.
    Info (332114): Design MTBF is not calculated because the design doesn't meet its timing requirements.
Info (332102): Design is not fully constrained for setup requirements
Info (332102): Design is not fully constrained for hold requirements
Info: Quartus Prime Timing Analyzer was successful. 0 errors, 6 warnings
    Info: Peak virtual memory: 4866 megabytes
    Info: Processing ended: Fri Oct 15 16:50:55 2021
    Info: Elapsed time: 00:00:02
    Info: Total CPU time (on all processors): 00:00:02


